{
    'editors': [u'Sekuła, Aleksandra'],
    'publisher': u'Fundacja Nowoczesna Polska',
    'about': 'http://wiki.wolnepodreczniki.pl/Lektury:Biedrzycki/Akslop',
    'source_name': u'Miłosz Biedrzycki, * ("Gwiazdka"), Fundacja "brulion", Kraków-Warszawa, 1993',
    'author': u'Biedrzycki, Miłosz',
    'url': u'http://wolnelektury.pl/katalog/lektura/akslop',
    'created_at': u'2009-06-04',
    'title': u'Akslop',
    'kind': u'Liryka',
    'source_url': u'http://free.art.pl/mlb/gwiazdka.html#t1',
    'epoch': u'Współczesność',
    'genre': u'Wiersz',
    'technical_editors': [u'Sutkowska, Olga'],
    'license': u'http://creativecommons.org/licenses/by-sa/3.0/',
    'license_description': u'Creative Commons Uznanie Autorstwa - Na Tych Samych Warunkach 3.0.PL',
    'audiences': [u'L'],
    'language': u'pol',
}
