Kodowanie znaków w dokumencie: UTF-8.
-----
Publikacja zrealizowana w ramach projektu Wolne Lektury (http://wolnelektury.pl). Reprodukcja cyfrowa wykonana przez Bibliotekę Narodową z egzemplarza pochodzącego ze zbiorów BN. 

Ten utwór nie jest chroniony prawem autorskim i znajduje się w domenie publicznej, co oznacza, że możesz go swobodnie wykorzystywać, publikować i rozpowszechniać.

Na podstawie: (Asnyk, Adam) El...y (1838-1897), Poezye, t. 3,  Gebethner i Wolff, wyd. nowe poprzedzone słowem wstępnym St. Krzemińskiego, Warszawa, 1898

Wersja lektury w opracowaniu merytorycznym i krytycznym (przypisy i motywy) dostępna jest na stronie http://wolnelektury.pl/katalog/lektura/miedzy-nami-nic-nie-bylo.
-----





Adam Asnyk

Między nami nic nie było



Między nami nic nie było!
Żadnych zwierzeń, wyznań żadnych!
Nic nas z sobą nie łączyło —
Prócz wiosennych marzeń zdradnych;

Prócz tych woni, barw i blasków,
Unoszących się w przestrzeni;
Prócz szumiących śpiewem lasków
I tej świeżej łąk zieleni;

Prócz tych kaskad i potoków,
Zraszających każdy parów,
Prócz girlandy tęcz, obłoków,
Prócz natury słodkich czarów;

Prócz tych wspólnych, jasnych zdrojów,
Z których serce zachwyt piło;
Prócz pierwiosnków i powojów,—
Między nami nic nie było!
